# charset: Cyrillic
# source format: speedo
# source name: Bitstream Cyrillic
# keywords: cyrillic
# readonly: true
|maptype|\x0|
|\x20|wordspace|
|\x21|\x21|
|\x22|\x8b|
|\x23|\x23|
|\x24|\x24|
|\x25|\x25|
|\x26|\x26|
|\x27|\x27|
|\x28|\x28|
|\x29|\x29|
|\x2a|\x2a|
|\x2b|\x2b|
|\x2c|\x2c|
|\x2d|\x1c1|
|\x2e|\x2e|
|\x2f|\x2f|
|\x30|\x30|
|\x31|\x31|
|\x32|\x32|
|\x33|\x33|
|\x34|\x34|
|\x35|\x35|
|\x36|\x36|
|\x37|\x37|
|\x38|\x38|
|\x39|\x39|
|\x3a|\x3a|
|\x3b|\x3b|
|\x3c|\x3c|
|\x3d|\x3d|
|\x3e|\x3e|
|\x3f|\x3f|
|\x40|\x2381|
|\x41|\x1ff1|
|\x42|\x1fe5|
|\x43|\x1fee|
|\x44|\x1fde|
|\x45|\x1ff0|
|\x46|\x1fdc|
|\x47|\x1fec|
|\x48|\x1fed|
|\x49|\x1ff5|
|\x4a|\x1feb|
|\x4b|\x1fe8|
|\x4c|\x1fe0|
|\x4d|\x1ff9|
|\x4e|\x1fef|
|\x4f|\x1ff6|
|\x50|\x1fe4|
|\x51|\x1fe6|
|\x52|\x1fe7|
|\x53|\x1ff8|
|\x54|\x1fe1|
|\x55|\x1fdf|
|\x56|\x1fe9|
|\x57|\x1ff3|
|\x58|\x1ff4|
|\x59|\x1ffc|
|\x5a|\x1fea|
|\x5b|\x2028|
|\x5c|\x5c|
|\x5d|\x200a|
|\x5e|\x5e|
|\x5f|\x5f|
|\x60|\x89|
|\x61|\x201e|
|\x62|\x2012|
|\x63|\x201b|
|\x64|\x200b|
|\x65|\x201d|
|\x66|\x2009|
|\x67|\x2019|
|\x68|\x201a|
|\x69|\x2022|
|\x6a|\x2018|
|\x6b|\x2015|
|\x6c|\x200d|
|\x6d|\x2026|
|\x6e|\x201c|
|\x6f|\x2023|
|\x70|\x2011|
|\x71|\x2013|
|\x72|\x2014|
|\x73|\x2025|
|\x74|\x200e|
|\x75|\x200c|
|\x76|\x2016|
|\x77|\x2020|
|\x78|\x2021|
|\x79|\x2029|
|\x7a|\x2017|
|\x7b|\x1ffb|
|\x7c|\x7c|
|\x7d|\x1fdd|
|\x7e|\x7e|
|\x7f|\x8a|
|\xa4|\x1b4|
|\xa6|\x1b3|
|\xa7|\x90|
|\xab|\x9f|
|\xb0|\x147b|
|\xb1|\x1c4|
|\xb6|\x1ba|
|\xb7|\x88|
|\xbb|\xa0|
|\xbf|\x1ff7|
|\xc0|\x2002|
|\xc1|\x2437|
|\xc2|\x1ffd|
|\xc3|\x2007|
|\xc4|\x1ffa|
|\xc5|\x1fff|
|\xc6|\x1ffe|
|\xc7|\x2004|
|\xc8|\x2005|
|\xc9|\x2006|
|\xca|\x2001|
|\xcb|\x1fe2|
|\xcc|\x2439|
|\xce|\x243b|
|\xcf|\x2003|
|\xd6|\x1fe3|
|\xdc|\x1ff2|
|\xdf|\x2024|
|\xe0|\x202f|
|\xe1|\x2438|
|\xe2|\x202a|
|\xe3|\x2034|
|\xe4|\x2027|
|\xe5|\x202c|
|\xe6|\x202b|
|\xe7|\x2031|
|\xe8|\x2032|
|\xe9|\x2033|
|\xea|\x202e|
|\xeb|\x200f|
|\xec|\x243a|
|\xee|\x243c|
|\xef|\x2030|
|\xf6|\x2010|
|\xfc|\x201f|
|\x101|hairspace|
|\x102|thinspace|
|\x103|figspace|
|\x104|enspace|
|\x105|emspace|
|\x106|\x2d|
|\x107|\x91|
|\x10a|\x1a2|
|\x116|\x9d|
|\x117|\x9e|
|\x118|\x8d|
|\x11f|\x86|
|\x120|\x2f|
