# charset: Dingbats
# source format: truetype
# source name: Bitstream TrueType Dingbats
# keywords: dingbats unicode
# readonly: true
|maptype|\x0|
|\x20|\xf020|
|\x21|\xf021|
|\x22|\xf022|
|\x23|\xf023|
|\x24|\xf024|
|\x25|\xf025|
|\x26|\xf026|
|\x27|\xf027|
|\x28|\xf028|
|\x29|\xf029|
|\x2a|\xf02a|
|\x2b|\xf02b|
|\x2c|\xf02c|
|\x2d|\xf02d|
|\x2e|\xf02e|
|\x2f|\xf02f|
|\x30|\xf030|
|\x31|\xf031|
|\x32|\xf032|
|\x33|\xf033|
|\x34|\xf034|
|\x35|\xf035|
|\x36|\xf036|
|\x37|\xf037|
|\x38|\xf038|
|\x39|\xf039|
|\x3a|\xf03a|
|\x3b|\xf03b|
|\x3c|\xf03c|
|\x3d|\xf03d|
|\x3e|\xf03e|
|\x3f|\xf03f|
|\x40|\xf040|
|\x41|\xf041|
|\x42|\xf042|
|\x43|\xf043|
|\x44|\xf044|
|\x45|\xf045|
|\x46|\xf046|
|\x47|\xf047|
|\x48|\xf048|
|\x49|\xf049|
|\x4a|\xf04a|
|\x4b|\xf04b|
|\x4c|\xf04c|
|\x4d|\xf04d|
|\x4e|\xf04e|
|\x4f|\xf04f|
|\x50|\xf050|
|\x51|\xf051|
|\x52|\xf052|
|\x53|\xf053|
|\x54|\xf054|
|\x55|\xf055|
|\x56|\xf056|
|\x57|\xf057|
|\x58|\xf058|
|\x59|\xf059|
|\x5a|\xf05a|
|\x5b|\xf05b|
|\x5c|\xf05c|
|\x5d|\xf05d|
|\x5e|\xf05e|
|\x5f|\xf05f|
|\x60|\xf060|
|\x61|\xf061|
|\x62|\xf062|
|\x63|\xf063|
|\x64|\xf064|
|\x65|\xf065|
|\x66|\xf066|
|\x67|\xf067|
|\x68|\xf068|
|\x69|\xf069|
|\x6a|\xf06a|
|\x6b|\xf06b|
|\x6c|\xf06c|
|\x6d|\xf06d|
|\x6e|\xf06e|
|\x6f|\xf06f|
|\x70|\xf070|
|\x71|\xf071|
|\x72|\xf072|
|\x73|\xf073|
|\x74|\xf074|
|\x75|\xf075|
|\x76|\xf076|
|\x77|\xf077|
|\x78|\xf078|
|\x79|\xf079|
|\x7a|\xf07a|
|\x7b|\xf07b|
|\x7c|\xf07c|
|\x7d|\xf07d|
|\x7e|\xf07e|
|\x93|\xf086|
|\x94|\xf088|
|\x95|\xf087|
|\x96|\xf089|
|\x97|\xf08a|
|\x98|\xf08b|
|\x99|\xf080|
|\x9a|\xf081|
|\x9b|\xf084|
|\x9c|\xf085|
|\x9d|\xf082|
|\x9e|\xf083|
|\x9f|\xf08c|
|\xa0|\xf08d|
|\xa1|\xf0a1|
|\xa2|\xf0a2|
|\xa3|\xf0a3|
|\xa4|\xf0a4|
|\xa5|\xf0a5|
|\xa6|\xf0a6|
|\xa7|\xf0a7|
|\xa8|\xf0a8|
|\xa9|\xf0a9|
|\xaa|\xf0aa|
|\xab|\xf0ab|
|\xac|\xf0ac|
|\xad|\xf0ad|
|\xae|\xf0ae|
|\xaf|\xf0af|
|\xb0|\xf0b0|
|\xb1|\xf0b1|
|\xb2|\xf0b2|
|\xb3|\xf0b3|
|\xb4|\xf0b4|
|\xb5|\xf0b5|
|\xb6|\xf0b6|
|\xb7|\xf0b7|
|\xb8|\xf0b8|
|\xb9|\xf0b9|
|\xba|\xf0ba|
|\xbb|\xf0bb|
|\xbc|\xf0bc|
|\xbd|\xf0bd|
|\xbe|\xf0be|
|\xbf|\xf0bf|
|\xc0|\xf0c0|
|\xc1|\xf0c1|
|\xc2|\xf0c2|
|\xc3|\xf0c3|
|\xc4|\xf0c4|
|\xc5|\xf0c5|
|\xc6|\xf0c6|
|\xc7|\xf0c7|
|\xc8|\xf0c8|
|\xc9|\xf0c9|
|\xca|\xf0ca|
|\xcb|\xf0cb|
|\xcc|\xf0cc|
|\xcd|\xf0cd|
|\xce|\xf0ce|
|\xcf|\xf0cf|
|\xd0|\xf0d0|
|\xd1|\xf0d1|
|\xd2|\xf0d2|
|\xd3|\xf0d3|
|\xd4|\xf0d4|
|\xd5|\xf0d5|
|\xd6|\xf0d6|
|\xd7|\xf0d7|
|\xd8|\xf0d8|
|\xd9|\xf0d9|
|\xda|\xf0da|
|\xdb|\xf0db|
|\xdc|\xf0dc|
|\xdd|\xf0dd|
|\xde|\xf0de|
|\xdf|\xf0df|
|\xe0|\xf0e0|
|\xe1|\xf0e1|
|\xe2|\xf0e2|
|\xe3|\xf0e3|
|\xe4|\xf0e4|
|\xe5|\xf0e5|
|\xe6|\xf0e6|
|\xe7|\xf0e7|
|\xe8|\xf0e8|
|\xe9|\xf0e9|
|\xea|\xf0ea|
|\xeb|\xf0eb|
|\xec|\xf0ec|
|\xed|\xf0ed|
|\xee|\xf0ee|
|\xef|\xf0ef|
|\xf1|\xf0f1|
|\xf2|\xf0f2|
|\xf3|\xf0f3|
|\xf4|\xf0f4|
|\xf5|\xf0f5|
|\xf6|\xf0f6|
|\xf7|\xf0f7|
|\xf8|\xf0f8|
|\xf9|\xf0f9|
|\xfa|\xf0fa|
|\xfb|\xf0fb|
|\xfc|\xf0fc|
|\xfd|\xf0fd|
|\xfe|\xf0fe|
