# charset: Dingbats
# source format: truetype
# source name: Bitstream TrueType Dingbats
# keywords: dingbats unicode
# readonly: true
|maptype|\x0|
|\x20|\xf020|
|\x21|\xf023|
|\x22|\xf022|
|\x23|\xf023|
|\x24|\xf022|
|\x25|\xf028|
|\x26|\xf029|
|\x27|\xf03e|
|\x28|\xf051|
|\x29|\xf02a|
|\x2a|\xf046|
|\x2b|\xf046|
|\x2c|\xf041|
|\x2d|\xf03f|
|\x2e|\xf021|
|\x2f|\xf021|
|\x30|\xf021|
|\x31|\xf0b4|
|\x32|\xf0b4|
|\x33|\xf0fc|
|\x34|\xf0fc|
|\x35|\xf0fb|
|\x36|\xf0fb|
|\x37|\xf0fb|
|\x38|\xf0fb|
|\x39|\xf055|
|\x3a|\xf055|
|\x3b|\xf055|
|\x3c|\xf055|
|\x3d|\xf056|
|\x3e|\xf056|
|\x3f|\xf056|
|\x40|\xf058|
|\x41|\xf059|
|\x42|\xf0aa|
|\x43|\xf0aa|
|\x44|\xf0aa|
|\x45|\xf0aa|
|\x46|\xf0aa|
|\x47|\xf0b2|
|\x48|\xf0ab|
|\x49|\xf0b6|
|\x4a|\xf0b5|
|\x4b|\xf0ab|
|\x4c|\xf0ab|
|\x4d|\xf0ab|
|\x4e|\xf0ab|
|\x4f|\xf0b6|
|\x50|\xf0b6|
|\x51|\xf0ac|
|\x52|\xf0ac|
|\x53|\xf0ac|
|\x54|\xf0ac|
|\x55|\xf0ac|
|\x56|\xf0ac|
|\x57|\xf0ad|
|\x58|\xf0ad|
|\x59|\xf0ae|
|\x5a|\xf0ae|
|\x5b|\xf0ac|
|\x5c|\xf0ac|
|\x5d|\xf0ac|
|\x5e|\xf0ac|
|\x5f|\xf07c|
|\x60|\xf07b|
|\x61|\xf07b|
|\x62|\xf0b5|
|\x63|\xf0ac|
|\x64|\xf054|
|\x65|\xf054|
|\x66|\xf054|
|\x67|\xf0ad|
|\x68|\xf0ad|
|\x69|\xf0ad|
|\x6a|\xf0ad|
|\x6b|\xf0ad|
|\x6c|\xf06c|
|\x6d|\xf0a6|
|\x6e|\xf06e|
|\x6f|\xf071|
|\x70|\xf072|
|\x71|\xf071|
|\x72|\xf072|
|\x73|\xf0d9|
|\x74|\xf0da|
|\x75|\xf075|
|\x76|\xf076|
|\x77|\xf0b4|
|\x78|\xf0b4|
|\x79|\xf0b4|
|\x7a|\xf0b4|
|\x7b|\xf0b4|
|\x7c|\xf0b4|
|\x7d|\xf07d|
|\x7e|\xf07e|
|\x93|\xf0b4|
|\x94|\xf0b4|
|\x95|\xf0b4|
|\x96|\xf0b4|
|\x97|\xf0b4|
|\x98|\xf0b4|
|\x99|\xf0b4|
|\x9a|\xf0b4|
|\x9b|\xf0b4|
|\x9c|\xf0b4|
|\x9d|\xf0b4|
|\x9e|\xf0b4|
|\x9f|\xf0b4|
|\xa0|\xf0b4|
|\xa1|\xf0b4|
|\xa2|\xf0b4|
|\xa3|\xf0b4|
|\xa4|\xf0b4|
|\xa5|\xf0b4|
|\xa6|\xf0b4|
|\xa7|\xf0b4|
|\xa8|\xf0b4|
|\xa9|\xf0b4|
|\xaa|\xf0b4|
|\xab|\xf0b4|
|\xac|\xf081|
|\xad|\xf082|
|\xae|\xf083|
|\xaf|\xf084|
|\xb0|\xf085|
|\xb1|\xf086|
|\xb2|\xf087|
|\xb3|\xf088|
|\xb4|\xf089|
|\xb5|\xf08a|
|\xb6|\xf08c|
|\xb7|\xf08d|
|\xb8|\xf08e|
|\xb9|\xf08f|
|\xba|\xf090|
|\xbb|\xf091|
|\xbc|\xf092|
|\xbd|\xf093|
|\xbe|\xf094|
|\xbf|\xf095|
|\xc0|\xf081|
|\xc1|\xf082|
|\xc2|\xf083|
|\xc3|\xf084|
|\xc4|\xf085|
|\xc5|\xf086|
|\xc6|\xf087|
|\xc7|\xf088|
|\xc8|\xf089|
|\xc9|\xf08a|
|\xca|\xf08c|
|\xcb|\xf08d|
|\xcc|\xf08e|
|\xcd|\xf08f|
|\xce|\xf090|
|\xcf|\xf091|
|\xd0|\xf092|
|\xd1|\xf093|
|\xd2|\xf094|
|\xd3|\xf095|
|\xd4|\xf0e8|
|\xd5|\xf0e0|
|\xd6|\xf0f3|
|\xd7|\xf0f4|
|\xd8|\xf0e6|
|\xd9|\xf0e0|
|\xda|\xf0e4|
|\xdb|\xf0e0|
|\xdc|\xf0e8|
|\xdd|\xf0e0|
|\xde|\xf0e0|
|\xdf|\xf0e0|
|\xe0|\xf0e8|
|\xe1|\xf0e8|
|\xe2|\xf0d8|
|\xe3|\xf0d8|
|\xe4|\xf0d8|
|\xe5|\xf0e8|
|\xe6|\xf0e8|
|\xe7|\xf0e8|
|\xe8|\xf0e8|
|\xe9|\xf0f0|
|\xea|\xf0f0|
|\xeb|\xf0f0|
|\xec|\xf0f0|
|\xed|\xf0f0|
|\xee|\xf0f0|
|\xef|\xf0f0|
|\xf1|\xf0f0|
|\xf2|\xf0dc|
|\xf3|\xf0e0|
|\xf4|\xf0e6|
|\xf5|\xf0e0|
|\xf6|\xf0e4|
|\xf7|\xf0e6|
|\xf8|\xf0e0|
|\xf9|\xf0e4|
|\xfa|\xf0e4|
|\xfb|\xf0e0|
|\xfc|\xf0e0|
|\xfd|\xf0e0|
|\xfe|\xf0e0|
