# charset: Greek
# source format: truetype
# source name: Bitstream TrueType Greek
# keywords: greek unicode
# readonly: true
|maptype|\x0|
|\x1|\xa1|
|\x4|\xa2|
|\x6|\xa3|
|\x7|\xa4|
|\x8|\xa5|
|\xa|\xa6|
|\xb|\xa7|
|\xc|\xa8|
|\x13|\xa9|
|\x20|\xf020|
|\x21|\xf021|
|\x22|\xf0b2|
|\x23|\xf023|
|\x24|\xf03f|
|\x25|\xf025|
|\x26|\xf026|
|\x27|\xf0a2|
|\x28|\xf028|
|\x29|\xf029|
|\x2a|\xf02a|
|\x2b|\xf02b|
|\x2c|\xf02c|
|\x2d|\xf02d|
|\x2e|\xf02e|
|\x2f|\xf02f|
|\x30|\xf030|
|\x31|\xf031|
|\x32|\xf032|
|\x33|\xf033|
|\x34|\xf034|
|\x35|\xf035|
|\x36|\xf036|
|\x37|\xf037|
|\x38|\xf038|
|\x39|\xf039|
|\x3a|\xf03a|
|\x3b|\xf03b|
|\x3c|\xf03c|
|\x3d|\xf03d|
|\x3e|\xf03e|
|\x3f|\xf03f|
|\x40|\xf082|
|\x41|\xf041|
|\x42|\xf042|
|\x43|\xf058|
|\x44|\xf044|
|\x45|\xf045|
|\x46|\xf046|
|\x47|\xf047|
|\x48|\xf048|
|\x49|\xf049|
|\x4a|\xf03f|
|\x4b|\xf04b|
|\x4c|\xf04c|
|\x4d|\xf04d|
|\x4e|\xf04e|
|\x4f|\xf04f|
|\x50|\xf050|
|\x51|\xf051|
|\x52|\xf052|
|\x53|\xf053|
|\x54|\xf054|
|\x55|\xf055|
|\x56|\xf03f|
|\x57|\xf057|
|\x58|\xf043|
|\x59|\xf059|
|\x5a|\xf05a|
|\x5b|\xf05b|
|\x5c|\xf0a4|
|\x5d|\xf05d|
|\x5e|\xf0d9|
|\x5f|\xf05f|
|\x60|\xf0a2|
|\x61|\xf061|
|\x62|\xf062|
|\x63|\xf078|
|\x64|\xf064|
|\x65|\xf065|
|\x66|\xf066|
|\x67|\xf067|
|\x68|\xf068|
|\x69|\xf069|
|\x6a|\xf06a|
|\x6b|\xf06b|
|\x6c|\xf06c|
|\x6d|\xf06d|
|\x6e|\xf06e|
|\x6f|\xf06f|
|\x70|\xf070|
|\x71|\xf071|
|\x72|\xf072|
|\x73|\xf073|
|\x74|\xf074|
|\x75|\xf075|
|\x76|\xf03f|
|\x77|\xf077|
|\x78|\xf043|
|\x79|\xf079|
|\x7a|\xf07a|
|\x7b|\xf07b|
|\x7c|\xf07c|
|\x7d|\xf07d|
|\x7e|\xf07e|
|\x7f|\xf0b2|
|\xa0|\xf03f|
|\xa1|\xf0a2|
|\xa2|\xf0a2|
|\xa3|\xf03f|
|\xa4|\xf0b7|
|\xa5|\xf03f|
|\xa6|\xf0bd|
|\xa7|\xf03f|
|\xa8|\xf0b2|
|\xa9|\xf0e3|
|\xaa|\xf03f|
|\xab|\xf03c|
|\xac|\xf03f|
|\xad|\xf03f|
|\xae|\xf0e2|
|\xaf|\xf03f|
|\xb0|\xf0b0|
|\xb1|\xf0b1|
|\xb2|\xf03f|
|\xb3|\xf03f|
|\xb4|\xf0a2|
|\xb5|\xf0b2|
|\xb6|\xf041|
|\xb7|\xf0d7|
|\xb8|\xf045|
|\xb9|\xf048|
|\xba|\xf049|
|\xbb|\xf03e|
|\xbc|\xf04f|
|\xbd|\xf03f|
|\xbe|\xf055|
|\xbf|\xf057|
|\xc0|\xf069|
|\xc1|\xf0b1|
|\xe0|\xf06d|
|\xe5|\xf065|
|\xed|\xf0b6|
|\xf7|\xf06a|
|\xf9|\xf076|
|\xfa|\xf069|
|\xfb|\xf06d|
|\xfc|\xf06f|
|\xfd|\xf06d|
|\xfe|\xf077|
