# charset: Greek
# source format: truetype
# source name: Bitstream TrueType Greek
# keywords: greek unicode
# readonly: true
|maptype|\x0|
|\x20|wordspace|
|\x21|\x21|
|\x22|\x201d|
|\x23|\x23|
|\x24|\x24|
|\x25|\x25|
|\x26|\x26|
|\x27|\x2019|
|\x28|\x28|
|\x29|\x29|
|\x2a|\x2a|
|\x2b|\x2b|
|\x2c|\x2c|
|\x2d|\x2015|
|\x2e|\x2e|
|\x2f|\x2f|
|\x30|\x30|
|\x31|\x31|
|\x32|\x32|
|\x33|\x33|
|\x34|\x34|
|\x35|\x35|
|\x36|\x36|
|\x37|\x37|
|\x38|\x38|
|\x39|\x39|
|\x3a|\x3a|
|\x3b|\x3b|
|\x3c|\x3c|
|\x3d|\x3d|
|\x3e|\x3e|
|\x3f|\x3f|
|\x40|\x40|
|\x41|\x41|
|\x42|\x42|
|\x43|\x39e|
|\x44|\x394|
|\x45|\x395|
|\x46|\x3a6|
|\x47|\x393|
|\x48|\x397|
|\x49|\x399|
|\x4b|\x39a|
|\x4c|\x39b|
|\x4d|\x39c|
|\x4e|\x39d|
|\x4f|\x39f|
|\x50|\x3a0|
|\x51|\x398|
|\x52|\x3a1|
|\x53|\x3a3|
|\x54|\x3a4|
|\x55|\x3a5|
|\x57|\x3a9|
|\x58|\x3a7|
|\x59|\x3a8|
|\x5a|\x396|
|\x5b|\x5b|
|\x5c|\x5c|
|\x5d|\x5d|
|\x5e|\x5e|
|\x5f|\x5f|
|\x60|\x2018|
|\x61|\x3b1|
|\x62|\x3b2|
|\x63|\x3be|
|\x64|\x3b4|
|\x65|\x3b5|
|\x66|\x3c6|
|\x67|\x3b3|
|\x68|\x3b7|
|\x69|\x3b9|
|\x6a|\x3c2|
|\x6b|\x3ba|
|\x6c|\x3bb|
|\x6d|\x3bc|
|\x6e|\x3bd|
|\x6f|\x3bf|
|\x70|\x3c0|
|\x71|\x3b8|
|\x72|\x3c1|
|\x73|\x3c3|
|\x74|\x3c4|
|\x75|\x3c5|
|\x77|\x3c9|
|\x78|\x3c7|
|\x79|\x3c8|
|\x7a|\x3b6|
|\x7b|\x7b|
|\x7c|\x7c|
|\x7d|\x7d|
|\x7e|\x7e|
|\x7f|\x201c|
|\xa1|\x2018|
|\xa2|\x2019|
|\xa3|\xa3|
|\xa4|\xa4|
|\xa5|\xa5|
|\xa6|\xa6|
|\xa7|\xa7|
|\xa8|\xa8|
|\xa9|\xa9|
|\xab|\xab|
|\xae|\xae|
|\xb0|\xb0|
|\xb1|\xb1|
|\xb4|\x384|
|\xb5|\x3f4|
|\xb6|\x386|
|\xb7|\xb7|
|\xb8|\x388|
|\xb9|\x389|
|\xba|\x38a|
|\xbb|\xbb|
|\xbc|\x38c|
|\xbd|\xbd|
|\xbe|\x38e|
|\xbf|\x38f|
|\xc0|\x390|
|\xcb|\xc0|
|\xda|\x3aa|
|\xdb|\x3ab|
|\xdc|\x3ac|
|\xdd|\x3ad|
|\xde|\x3ae|
|\xdf|\x3af|
|\xe0|\x3b0|
|\xe5|\xc1|
|\xed|\xc2|
|\xf2|\xc3|
|\xf6|\xc4|
|\xf9|\xc5|
|\xfa|\x3ca|
|\xfb|\x3cb|
|\xfc|\x3cc|
|\xfd|\x3cd|
|\xfe|\x3ce|
|\x101|hairspace|
|\x102|thinspace|
|\x103|figspace|
|\x104|enspace|
|\x105|emspace|
|\x106|\x2d|
|\x107|\x2013|
|\x10a|\x2015|
|\x116|\x2039|
|\x117|\x203a|
|\x118|\x201e|
|\x11f|\x2030|
|\x130|\x192|
