# charset: Math
# source format: truetype
# source name: FontSpecific
# keywords: Unicode
# readonly: false
|maptype|\x0|
|\x1|\xa1|
|\x2|\xa2|
|\x3|\xa3|
|\x4|\xa4|
|\x5|\xa5|
|\x6|\xa6|
|\x7|\xa7|
|\x8|\xa8|
|\x9|\xa9|
|\xa|\xaa|
|\xb|\xab|
|\xc|\xac|
|\xd|\xad|
|\xe|\xae|
|\xf|\xaf|
|\x11|\xb0|
|\x14|\xb1|
|\x15|\xb2|
|\x16|\xb3|
|\x17|\xb4|
|\x18|\xb5|
|\x19|\xb6|
|\x1c|\xb8|
|\x1d|\xb9|
|\x1e|\xba|
|\x1f|\xbb|
|\x20|\x20|
|\x21|\x21|
|\x22|\x22|
|\x23|\x23|
|\x24|\x24|
|\x25|\x25|
|\x26|\x26|
|\x27|\x27|
|\x28|\x28|
|\x2d|\x2d|
|\x2e|\x2e|
|\x2f|\x2f|
|\x30|\x30|
|\x31|\x31|
|\x32|\x32|
|\x33|\x33|
|\x34|\x34|
|\x35|\x35|
|\x36|\x36|
|\x37|\x37|
|\x38|\x38|
|\x39|\x39|
|\x3a|\x3a|
|\x3b|\x3b|
|\x3c|\x3c|
|\x3d|\x3d|
|\x3e|\x3e|
|\x3f|\x3f|
|\x40|\x40|
|\x41|\x41|
|\x42|\x42|
|\x43|\x43|
|\x44|\x44|
|\x45|\x45|
|\x46|\x46|
|\x47|\x47|
|\x48|\x48|
|\x49|\x49|
|\x4a|\x4a|
|\x4b|\x4b|
|\x4c|\x4c|
|\x4d|\x4d|
|\x4e|\x4e|
|\x4f|\x4f|
|\x50|\x50|
|\x51|\x51|
|\x52|\x52|
|\x53|\x53|
|\x54|\x54|
|\x55|\x55|
|\x56|\x56|
|\x57|\x57|
|\x58|\x58|
|\x59|\x59|
|\x5a|\x5a|
|\x5e|\x5e|
|\x62|\x62|
|\x63|\x63|
|\x64|\x64|
|\x65|\x65|
|\x66|\x66|
|\x67|\x67|
|\x68|\x68|
|\x69|\x69|
|\x6a|\x6a|
|\x6b|\x6b|
|\x6c|\x6c|
|\x6d|\x6d|
|\x6e|\x6e|
|\x6f|\x6f|
|\x70|\x70|
|\x71|\x71|
|\x72|\x72|
|\x73|\x73|
|\x74|\x74|
|\x79|\x79|
|\x7a|\x7a|
|\x7b|\x7b|
