# charset: Symbols A
# source format: speedo
# source name: Bitstream Symbol Set
# keywords: Symbol
# readonly: true
|maptype|\x0|
|\x20|wordspace|
|\x21|\x21|
|\x22|\x1421|
|\x23|\x23|
|\x24|\x1423|
|\x25|\x25|
|\x26|\x26|
|\x27|\x7cf|
|\x28|\x28|
|\x29|\x29|
|\x2a|\x144d|
|\x2b|\x2b|
|\x2c|\x2c|
|\x2d|\x1c1|
|\x2e|\x2e|
|\x2f|\x2f|
|\x30|\x30|
|\x31|\x31|
|\x32|\x32|
|\x33|\x33|
|\x34|\x34|
|\x35|\x35|
|\x36|\x36|
|\x37|\x37|
|\x38|\x38|
|\x39|\x39|
|\x3a|\x3a|
|\x3b|\x3b|
|\x3c|\x3c|
|\x3d|\x3d|
|\x3e|\x3e|
|\x3f|\x3f|
|\x40|\x128a|
|\x41|\x1f2|
|\x42|\x1f3|
|\x43|\x207|
|\x44|\x1f5|
|\x45|\x1f6|
|\x46|\x206|
|\x47|\x1f4|
|\x48|\x1f8|
|\x49|\x1fa|
|\x4a|\x148a|
|\x4b|\x1fb|
|\x4c|\x1fc|
|\x4d|\x1fd|
|\x4e|\x1fe|
|\x4f|\x200|
|\x50|\x201|
|\x51|\x1f9|
|\x52|\x202|
|\x53|\x203|
|\x54|\x204|
|\x55|\x205|
|\x56|\x21d|
|\x57|\x209|
|\x58|\x1ff|
|\x59|\x208|
|\x5a|\x1f7|
|\x5b|\x5b|
|\x5c|\x135d|
|\x5d|\x5d|
|\x5e|\x130a|
|\x5f|\x5f|
|\x60|\x7cc|
|\x61|\x20a|
|\x62|\x20b|
|\x63|\x221|
|\x64|\x20e|
|\x65|\x148e|
|\x66|\x220|
|\x67|\x20d|
|\x68|\x211|
|\x69|\x213|
|\x6a|\x148c|
|\x6b|\x214|
|\x6c|\x215|
|\x6d|\x216|
|\x6e|\x217|
|\x6f|\x219|
|\x70|\x21a|
|\x71|\x212|
|\x72|\x21b|
|\x73|\x21c|
|\x74|\x21e|
|\x75|\x21f|
|\x76|\x148b|
|\x77|\x223|
|\x78|\x218|
|\x79|\x222|
|\x7a|\x210|
|\x7b|\x7b|
|\x7c|\x7c|
|\x7d|\x7d|
|\x7e|\x476a|
