# charset: Symbols B
# source format: truetype
# source name: Bitstream TrueType Symbol Set
# keywords: symbol unicode
# readonly: true
|maptype|\x0|
|\x20|\xf020|
|\x21|\xf0da|
|\x22|\xf0ae|
|\x23|\xf0dc|
|\x24|\xf0dd|
|\x25|\xf0de|
|\x26|\xf0e0|
|\x27|\xf0be|
|\x28|\xf0e1|
|\x29|\xf0e2|
|\x2a|\xf0a1|
|\x2b|\xf0b1|
|\x2c|\xf0b2|
|\x2d|\xf0d0|
|\x2e|\xf0b3|
|\x2f|\xf0d6|
|\x30|\xf0bc|
|\x31|\xf0c1|
|\x32|\xf0aa|
|\x33|\xf0a3|
|\x34|\xf0a2|
|\x35|\xf0b0|
|\x36|\xf0a4|
|\x37|\xf0a6|
|\x38|\xf0a5|
|\x39|\xf0bb|
|\x3a|\xf0f2|
|\x3b|\xf0c9|
|\x3c|\xf0f8|
|\x3d|\xf0ad|
|\x3e|\xf0f9|
|\x3f|\xf0c0|
|\x40|\xf0db|
|\x41|\xf0fe|
|\x42|\xf0f5|
|\x43|\xf0cb|
|\x44|\xf0eb|
|\x45|\xf0e4|
|\x46|\xf0ec|
|\x47|\xf0ed|
|\x48|\xf0ee|
|\x49|\xf0e9|
|\x4a|\xf0ea|
|\x4b|\xf0f0|
|\x4c|\xf0f1|
|\x4d|\xf0f7|
|\x4e|\xf0f6|
|\x4f|\xf0af|
|\x50|\xf0b8|
|\x51|\xf0ce|
|\x52|\xf0e5|
|\x53|\xf0e7|
|\x54|\xf0e6|
|\x55|\xf0e8|
|\x56|\xf0d7|
|\x57|\xf0e3|
|\x58|\xf0f4|
|\x59|\xf0fa|
|\x5a|\xf0f3|
|\x5b|\xf0d2|
|\x5c|\xf0c7|
|\x5d|\xf0d4|
|\x5e|\xf0df|
|\x5f|\xf0d1|
|\x60|\xf0d8|
|\x61|\xf0cd|
|\x62|\xf0ba|
|\x63|\xf0cc|
|\x64|\xf0b6|
|\x65|\xf0ab|
|\x66|\xf0c4|
|\x67|\xf0a9|
|\x68|\xf0fa|
|\x69|\xf0fd|
|\x6a|\xf0c6|
|\x6b|\xf0fb|
|\x6c|\xf0c2|
|\x6d|\xf0b5|
|\x6e|\xf0ca|
|\x6f|\xf0bf|
|\x70|\xf0b9|
|\x71|\xf0cf|
|\x72|\xf0a8|
|\x73|\xf0a7|
|\x74|\xf0fc|
|\x75|\xf0ac|
|\x76|\xf0c3|
|\x77|\xf0b7|
|\x78|\xf0c5|
|\x79|\xf0b4|
|\x7a|\xf0bd|
|\x7b|\xf0d3|
|\x7c|\xf0c8|
|\x7d|\xf0d5|
|\x7e|\xf0d9|
