# charset: Symbols
# source format: truetype
# source name: Interleaf Symbol Set
# keywords: symbol unicode
# readonly: true
|maptype|\x0|
|\x1|\xa1|
|\x4|\xa2|
|\x6|\xa3|
|\x7|\xa4|
|\x8|\xa5|
|\xa|\xa6|
|\xb|\xa7|
|\xc|\xa8|
|\x13|\xa9|
|\x20|\xf020|
|\x21|\xf081|
|\x22|\xf0d8|
|\x23|\xf083|
|\x24|\xf084|
|\x25|\xf085|
|\x26|\xf087|
|\x27|\xf0e8|
|\x28|\xf089|
|\x29|\xf080|
|\x2a|\xf088|
|\x2c|\xf045|
|\x2d|\xf071|
|\x2e|\xf046|
|\x2f|\xf0b4|
|\x30|\xf080|
|\x31|\xf081|
|\x32|\xf082|
|\x33|\xf083|
|\x34|\xf084|
|\x35|\xf085|
|\x36|\xf086|
|\x37|\xf087|
|\x38|\xf088|
|\x39|\xf089|
|\x3a|\xf0ad|
|\x3b|\xf0af|
|\x3d|\xf071|
|\x3f|\xf0b4|
|\x40|\xf082|
|\x41|\xf0d7|
|\x42|\xf0da|
|\x43|\xf0b4|
|\x44|\xf09f|
|\x45|\xf0b4|
|\x46|\xf06c|
|\x47|\xf0a0|
|\x48|\xf0a7|
|\x49|\xf07e|
|\x4a|\xf06e|
|\x4b|\xf0ab|
|\x4c|\xf0ab|
|\x4f|\xf0b4|
|\x50|\xf0b4|
|\x51|\xf0b4|
|\x52|\xf0b4|
|\x53|\xf09e|
|\x54|\xf0b4|
|\x55|\xf0b0|
|\x56|\xf0a8|
|\x57|\xf0b4|
|\x59|\xf0d9|
|\x5a|\xf074|
|\x5b|\xf0b4|
|\x5c|\xf07d|
|\x5d|\xf0b4|
|\x5e|\xf086|
|\x5f|\xf0b4|
|\x60|\xf06d|
|\x61|\xf0e7|
|\x62|\xf0ea|
|\x63|\xf0b4|
|\x64|\xf0a1|
|\x65|\xf0b4|
|\x66|\xf0a1|
|\x67|\xf076|
|\x68|\xf0a7|
|\x69|\xf0b4|
|\x6a|\xf0a8|
|\x6b|\xf0b6|
|\x6c|\xf0b6|
|\x6d|\xf0b4|
|\x6e|\xf0fc|
|\x6f|\xf0b4|
|\x70|\xf0b4|
|\x71|\xf0b4|
|\x72|\xf0b4|
|\x73|\xf076|
|\x74|\xf0b4|
|\x75|\xf076|
|\x76|\xf0b4|
|\x77|\xf0b4|
|\x78|\xf0b4|
|\x79|\xf0e9|
|\x7a|\xf074|
|\x7b|\xf055|
|\x7c|\xf07e|
|\x7d|\xf0b4|
|\x7e|\xf06d|
|\x7f|\xf08a|
