# charset: Western
# source format: speedo
# source name: Bitstream PostScript
# keywords: postscript
# readonly: true
|maptype|\x0|
|\x20|wordspace|
|\x21|\x21|
|\x22|\x8b|
|\x23|\x23|
|\x24|\x24|
|\x25|\x25|
|\x26|\x26|
|\x27|\x27|
|\x28|\x28|
|\x29|\x29|
|\x2a|\x2a|
|\x2b|\x2b|
|\x2c|\x2c|
|\x2d|\x1c1|
|\x2e|\x2e|
|\x2f|\x2f|
|\x30|\x30|
|\x31|\x31|
|\x32|\x32|
|\x33|\x33|
|\x34|\x34|
|\x35|\x35|
|\x36|\x36|
|\x37|\x37|
|\x38|\x38|
|\x39|\x39|
|\x3a|\x3a|
|\x3b|\x3b|
|\x3c|\x3c|
|\x3d|\x3d|
|\x3e|\x3e|
|\x3f|\x3f|
|\x40|\x40|
|\x41|\x41|
|\x42|\x42|
|\x43|\x43|
|\x44|\x44|
|\x45|\x45|
|\x46|\x46|
|\x47|\x47|
|\x48|\x48|
|\x49|\x49|
|\x4a|\x4a|
|\x4b|\x4b|
|\x4c|\x4c|
|\x4d|\x4d|
|\x4e|\x4e|
|\x4f|\x4f|
|\x50|\x50|
|\x51|\x51|
|\x52|\x52|
|\x53|\x53|
|\x54|\x54|
|\x55|\x55|
|\x56|\x56|
|\x57|\x57|
|\x58|\x58|
|\x59|\x59|
|\x5a|\x5a|
|\x5b|\x5b|
|\x5c|\x5c|
|\x5d|\x5d|
|\x5e|\x5e|
|\x5f|\x5f|
|\x60|\x89|
|\x61|\x61|
|\x62|\x62|
|\x63|\x63|
|\x64|\x64|
|\x65|\x65|
|\x66|\x66|
|\x67|\x67|
|\x68|\x68|
|\x69|\x69|
|\x6a|\x6a|
|\x6b|\x6b|
|\x6c|\x6c|
|\x6d|\x6d|
|\x6e|\x6e|
|\x6f|\x6f|
|\x70|\x70|
|\x71|\x71|
|\x72|\x72|
|\x73|\x73|
|\x74|\x74|
|\x75|\x75|
|\x76|\x76|
|\x77|\x77|
|\x78|\x78|
|\x79|\x79|
|\x7a|\x7a|
|\x7b|\x7b|
|\x7c|\x7c|
|\x7d|\x7d|
|\x7e|\xab|
|\x7f|\x8a|
|\xa1|\xa2|
|\xa2|\x84|
|\xa3|\x83|
|\xa4|\x1b4|
|\xa5|\x1ab|
|\xa7|\x90|
|\xa8|\xa9|
|\xaa|\x192|
|\xab|\x9f|
|\xaf|\xb1|
|\xb6|\x1ba|
|\xb7|\x88|
|\xba|\x191|
|\xbb|\xa0|
|\xbf|\xa1|
|\xc0|\x18d|
|\xc1|\x18f|
|\xc2|\x18b|
|\xc3|\x187|
|\xc4|\x189|
|\xc5|\x93|
|\xc6|\x94|
|\xc7|\xb7|
|\xc8|\x183|
|\xc9|\x185|
|\xca|\x181|
|\xcb|\x17f|
|\xcc|\x177|
|\xcd|\x179|
|\xce|\x175|
|\xcf|\x173|
|\xd1|\x143|
|\xd2|\x149|
|\xd3|\x147|
|\xd4|\x14b|
|\xd5|\x14f|
|\xd6|\x14d|
|\xd8|\x95|
|\xd9|\x153|
|\xda|\x151|
|\xdb|\x155|
|\xdc|\x157|
|\xdf|\x9b|
|\xe0|\x18e|
|\xe1|\x190|
|\xe2|\x18c|
|\xe3|\x188|
|\xe4|\x18a|
|\xe5|\x97|
|\xe6|\x98|
|\xe7|\xb8|
|\xe8|\x184|
|\xe9|\x186|
|\xea|\x182|
|\xeb|\x180|
|\xec|\x178|
|\xed|\x17a|
|\xee|\x176|
|\xef|\x174|
|\xf1|\x142|
|\xf2|\x148|
|\xf3|\x146|
|\xf4|\x14a|
|\xf5|\x14e|
|\xf6|\x14c|
|\xf8|\x99|
|\xf9|\x152|
|\xfa|\x150|
|\xfb|\x154|
|\xfc|\x156|
|\xff|\x15c|
|\x101|hairspace|
|\x102|thinspace|
|\x103|figspace|
|\x104|enspace|
|\x105|emspace|
|\x106|\x2d|
|\x107|\x91|
|\x10a|\x1a2|
|\x114|\x8e|
|\x115|\x8f|
|\x116|\x9d|
|\x117|\x9e|
|\x118|\x8d|
|\x11f|\x86|
|\x120|\x87|
|\x130|\x85|
|\x135|\x96|
|\x139|\x9a|
|\x13b|\x81|
|\x13c|\x82|
