# charset: Western
# source format: type1 afm
# source name: Adobe Standard Encoding
# keywords: StandardEncoding
# readonly: true
|maptype|\x1|
|\x20|wordspace|
|\x21|exclam|
|\x22|quotedblright|
|\x23|numbersign|
|\x24|dollar|
|\x25|percent|
|\x26|ampersand|
|\x27|quoteright|
|\x28|parenleft|
|\x29|parenright|
|\x2a|asterisk|
|\x2b|plus|
|\x2c|comma|
|\x2d|endash|
|\x2e|period|
|\x2f|slash|
|\x30|zero|
|\x31|one|
|\x32|two|
|\x33|three|
|\x34|four|
|\x35|five|
|\x36|six|
|\x37|seven|
|\x38|eight|
|\x39|nine|
|\x3a|colon|
|\x3b|semicolon|
|\x3c|less|
|\x3d|equal|
|\x3e|greater|
|\x3f|question|
|\x40|at|
|\x41|A|
|\x42|B|
|\x43|C|
|\x44|D|
|\x45|E|
|\x46|F|
|\x47|G|
|\x48|H|
|\x49|I|
|\x4a|J|
|\x4b|K|
|\x4c|L|
|\x4d|M|
|\x4e|N|
|\x4f|O|
|\x50|P|
|\x51|Q|
|\x52|R|
|\x53|S|
|\x54|T|
|\x55|U|
|\x56|V|
|\x57|W|
|\x58|X|
|\x59|Y|
|\x5a|Z|
|\x5b|bracketleft|
|\x5c|backslash|
|\x5d|bracketright|
|\x5e|asciicircum|
|\x5f|underscore|
|\x60|quoteleft|
|\x61|a|
|\x62|b|
|\x63|c|
|\x64|d|
|\x65|e|
|\x66|f|
|\x67|g|
|\x68|h|
|\x69|i|
|\x6a|j|
|\x6b|k|
|\x6c|l|
|\x6d|m|
|\x6e|n|
|\x6f|o|
|\x70|p|
|\x71|q|
|\x72|r|
|\x73|s|
|\x74|t|
|\x75|u|
|\x76|v|
|\x77|w|
|\x78|x|
|\x79|y|
|\x7a|z|
|\x7b|braceleft|
|\x7c|bar|
|\x7d|braceright|
|\x7e|asciitilde|
|\x7f|quotedblleft|
|\xa1|exclamdown|
|\xa2|cent|
|\xa3|sterling|
|\xa4|currency|
|\xa5|yen|
|\xa7|section|
|\xa8|dieresis|
|\xaa|ordfeminine|
|\xab|guillemotleft|
|\xaf|macron|
|\xb6|paragraph|
|\xb7|periodcentered|
|\xba|ordmasculine|
|\xbb|guillemotright|
|\xbf|questiondown|
|\xc0|Agrave|
|\xc1|Aacute|
|\xc2|Acircumflex|
|\xc3|Atilde|
|\xc4|Adieresis|
|\xc5|Aring|
|\xc6|AE|
|\xc7|Ccedilla|
|\xc8|Egrave|
|\xc9|Eacute|
|\xca|Ecircumflex|
|\xcb|Edieresis|
|\xcc|Igrave|
|\xcd|Iacute|
|\xce|Icircumflex|
|\xcf|Idieresis|
|\xd1|Ntilde|
|\xd2|Ograve|
|\xd3|Oacute|
|\xd4|Ocircumflex|
|\xd5|Otilde|
|\xd6|Odieresis|
|\xd8|Oslash|
|\xd9|Ugrave|
|\xda|Uacute|
|\xdb|Ucircumflex|
|\xdc|Udieresis|
|\xdf|germandbls|
|\xe0|agrave|
|\xe1|aacute|
|\xe2|acircumflex|
|\xe3|atilde|
|\xe4|adieresis|
|\xe5|aring|
|\xe6|ae|
|\xe7|ccedilla|
|\xe8|egrave|
|\xe9|eacute|
|\xea|ecircumflex|
|\xeb|edieresis|
|\xec|igrave|
|\xed|iacute|
|\xee|icircumflex|
|\xef|idieresis|
|\xf1|ntilde|
|\xf2|ograve|
|\xf3|oacute|
|\xf4|ocircumflex|
|\xf5|otilde|
|\xf6|odieresis|
|\xf8|oslash|
|\xf9|ugrave|
|\xfa|uacute|
|\xfb|ucircumflex|
|\xfc|udieresis|
|\xff|ydieresis|
|\x101|hairspace|
|\x102|thinspace|
|\x103|figspace|
|\x104|enspace|
|\x105|emspace|
|\x106|hyphen|
|\x107|endash|
|\x10a|emdash|
|\x114|dagger|
|\x115|daggerdbl|
|\x116|guilsinglleft|
|\x117|guilsinglright|
|\x118|quotedblbase|
|\x11f|perthousand|
|\x120|fraction|
|\x130|florin|
|\x135|OE|
|\x139|oe|
